root@controller01:~# nova interface-attach MyFlatInstance
ERROR (BadRequest): Multiple possible networks found, use a Network ID to be more specific. (HTTP 400) 
                    (Request-ID: req-c1b405f0-327a-4319-ae86-081bb1940911)

						
root@controller01:~# ip netns list
qdhcp-03327707-c369-4bd7-bd71-a42d9bcf49b8 (id: 1)
qdhcp-7745a4a9-68a4-444e-a5ff-f9439e3aac6c (id: 0)
						
							
root@controller01:~# openstack network list
+--------------------------------------+---------------+--------------------------------------+
| ID                                   | Name          | Subnets                              |
+--------------------------------------+---------------+--------------------------------------+
| 03327707-c369-4bd7-bd71-a42d9bcf49b8 | MyVLANNetwork | 02013907-1a5f-493f-8ece-ee1ee9e44afb |
| 7745a4a9-68a4-444e-a5ff-f9439e3aac6c | MyFlatNetwork | c43179e1-8bbb-48d1-a486-63d048e78367 |
+--------------------------------------+---------------+--------------------------------------+

root@controller01:~# ip netns exec qdhcp-03327707-c369-4bd7-bd71-a42d9bcf49b8 ip a
1: lo: <LOOPBACK,UP,LOWER_UP> mtu 65536 qdisc noqueue state UNKNOWN group default qlen 1000
    link/loopback 00:00:00:00:00:00 brd 00:00:00:00:00:00
    inet 127.0.0.1/8 scope host lo
       valid_lft forever preferred_lft forever
    inet6 ::1/128 scope host
       valid_lft forever preferred_lft forever
2: ns-6c15d7b8-87@if74: <BROADCAST,MULTICAST,UP,LOWER_UP> mtu 1500 qdisc noqueue state UP group default qlen 1000
    link/ether fa:16:3e:ad:59:b9 brd ff:ff:ff:ff:ff:ff link-netnsid 0
    inet 192.168.206.2/24 brd 192.168.206.255 scope global ns-6c15d7b8-87
       valid_lft forever preferred_lft forever
    inet 169.254.169.254/16 brd 169.254.255.255 scope global ns-6c15d7b8-87
       valid_lft forever preferred_lft forever
    inet6 fe80::f816:3eff:fead:59b9/64 scope link
       valid_lft forever preferred_lft forever
	   


root@controller01:~# ip netns exec qdhcp-03327707-c369-4bd7-bd71-a42d9bcf49b8 tcpdump -i any -ne port 67 or port 68
tcpdump: verbose output suppressed, use -v or -vv for full protocol decode
listening on any, link-type LINUX_SLL (Linux cooked), capture size 262144 bytes
12:04:40.466828   B fa:16:3e:27:c5:d2 ethertype IPv4 (0x0800), length 344: 0.0.0.0.68 > 255.255.255.255.67: BOOTP/DHCP, Request from fa:16:3e:27:c5:d2, length 300
12:04:40.467624 Out fa:16:3e:ad:59:b9 ethertype IPv4 (0x0800), length 377: 192.168.206.2.67 > 192.168.206.12.68: BOOTP/DHCP, Reply, length 333
12:04:40.473332   B fa:16:3e:27:c5:d2 ethertype IPv4 (0x0800), length 346: 0.0.0.0.68 > 255.255.255.255.67: BOOTP/DHCP, Request from fa:16:3e:27:c5:d2, length 302
12:04:40.558296 Out fa:16:3e:ad:59:b9 ethertype IPv4 (0x0800), length 398: 192.168.206.2.67 > 192.168.206.12.68: BOOTP/DHCP, Reply, length 354
												
												
root@compute01:~# tcpdump -i tapee3c29d0-75 -ne port 67 or port 68
tcpdump: verbose output suppressed, use -v or -vv for full protocol decode
listening on tapee3c29d0-75, link-type EN10MB (Ethernet), capture size 262144 bytes
12:04:40.466317 fa:16:3e:27:c5:d2 > ff:ff:ff:ff:ff:ff, ethertype IPv4 (0x0800), length 342: 0.0.0.0.68 > 255.255.255.255.67: BOOTP/DHCP, Request from fa:16:3e:27:c5:d2, length 300
12:04:40.468062 fa:16:3e:ad:59:b9 > fa:16:3e:27:c5:d2, ethertype IPv4 (0x0800), length 375: 192.168.206.2.67 > 192.168.206.12.68: BOOTP/DHCP, Reply, length 333
12:04:40.473176 fa:16:3e:27:c5:d2 > ff:ff:ff:ff:ff:ff, ethertype IPv4 (0x0800), length 344: 0.0.0.0.68 > 255.255.255.255.67: BOOTP/DHCP, Request from fa:16:3e:27:c5:d2, length 302
12:04:40.558776 fa:16:3e:ad:59:b9 > fa:16:3e:27:c5:d2, ethertype IPv4 (0x0800), length 396: 192.168.206.2.67 > 192.168.206.12.68: BOOTP/DHCP, Reply, length 354

root@controller01:~# ip netns exec qdhcp-03327707-c369-4bd7-bd71-a42d9bcf49b8 dhcpdump -i ns-6c15d7b8-87

  TIME: 2018-03-16 12:08:28.250
    IP: 0.0.0.0 (fa:16:3e:27:c5:d2) > 255.255.255.255 (ff:ff:ff:ff:ff:ff)
    OP: 1 (BOOTPREQUEST)
 HTYPE: 1 (Ethernet)
  HLEN: 6
  HOPS: 0
   XID: 1af16110
  SECS: 0
 FLAGS: 0
CIADDR: 0.0.0.0
YIADDR: 0.0.0.0
SIADDR: 0.0.0.0
GIADDR: 0.0.0.0
CHADDR: fa:16:3e:27:c5:d2:00:00:00:00:00:00:00:00:00:00
 SNAME: .
 FNAME: .
OPTION:  53 (  1) DHCP message type         1 (DHCPDISCOVER)
OPTION:  61 (  7) Client-identifier         01:fa:16:3e:27:c5:d2
OPTION:  57 (  2) Maximum DHCP message size 576
OPTION:  55 (  9) Parameter Request List      1 (Subnet mask)
					      3 (Routers)
					      6 (DNS server)
					     12 (Host name)
					     15 (Domainname)
					     26 (Interface MTU)
					     28 (Broadcast address)
					     42 (NTP servers)
					    121 (Classless Static Route)

OPTION:  60 ( 12) Vendor class identifier   udhcp 1.23.2
OPTION:  12 ( 13) Host name                 testinstance1
---------------------------------------------------------------------------

  TIME: 2018-03-16 12:08:28.251
    IP: 192.168.206.2 (fa:16:3e:ad:59:b9) > 192.168.206.12 (fa:16:3e:27:c5:d2)
    OP: 2 (BOOTPREPLY)
 HTYPE: 1 (Ethernet)
  HLEN: 6
  HOPS: 0
   XID: 1af16110
  SECS: 0
 FLAGS: 0
CIADDR: 0.0.0.0
YIADDR: 192.168.206.12
SIADDR: 192.168.206.2
GIADDR: 0.0.0.0
CHADDR: fa:16:3e:27:c5:d2:00:00:00:00:00:00:00:00:00:00
 SNAME: .
 FNAME: .
OPTION:  53 (  1) DHCP message type         2 (DHCPOFFER)
OPTION:  54 (  4) Server identifier         192.168.206.2
OPTION:  51 (  4) IP address leasetime      86400 (24h)
OPTION:  58 (  4) T1                        43200 (12h)
OPTION:  59 (  4) T2                        75600 (21h)
OPTION:   1 (  4) Subnet mask               255.255.255.0
OPTION:  28 (  4) Broadcast address         192.168.206.255
OPTION:   6 (  4) DNS server                192.168.206.2
OPTION:  15 ( 19) Domainname                learningneutron.com
OPTION:   3 (  4) Routers                   192.168.206.1
OPTION: 121 ( 14) Classless Static Route    20a9fea9fec0a8ce  .......
					    0200c0a8ce01     ......
OPTION:  26 (  2) Interface MTU             1500
---------------------------------------------------------------------------

  TIME: 2018-03-16 12:08:28.251
    IP: 0.0.0.0 (fa:16:3e:27:c5:d2) > 255.255.255.255 (ff:ff:ff:ff:ff:ff)
    OP: 1 (BOOTPREQUEST)
 HTYPE: 1 (Ethernet)
  HLEN: 6
  HOPS: 0
   XID: 1af16110
  SECS: 0
 FLAGS: 0
CIADDR: 0.0.0.0
YIADDR: 0.0.0.0
SIADDR: 0.0.0.0
GIADDR: 0.0.0.0
CHADDR: fa:16:3e:27:c5:d2:00:00:00:00:00:00:00:00:00:00
 SNAME: .
 FNAME: .
OPTION:  53 (  1) DHCP message type         3 (DHCPREQUEST)
OPTION:  61 (  7) Client-identifier         01:fa:16:3e:27:c5:d2
OPTION:  50 (  4) Request IP address        192.168.206.12
OPTION:  54 (  4) Server identifier         192.168.206.2
OPTION:  57 (  2) Maximum DHCP message size 576
OPTION:  55 (  9) Parameter Request List      1 (Subnet mask)
					      3 (Routers)
					      6 (DNS server)
					     12 (Host name)
					     15 (Domainname)
					     26 (Interface MTU)
					     28 (Broadcast address)
					     42 (NTP servers)
					    121 (Classless Static Route)

OPTION:  60 ( 12) Vendor class identifier   udhcp 1.23.2
OPTION:  12 ( 13) Host name                 testinstance1
---------------------------------------------------------------------------

  TIME: 2018-03-16 12:08:28.251
    IP: 192.168.206.2 (fa:16:3e:ad:59:b9) > 192.168.206.12 (fa:16:3e:27:c5:d2)
    OP: 2 (BOOTPREPLY)
 HTYPE: 1 (Ethernet)
  HLEN: 6
  HOPS: 0
   XID: 1af16110
  SECS: 0
 FLAGS: 0
CIADDR: 0.0.0.0
YIADDR: 192.168.206.12
SIADDR: 192.168.206.2
GIADDR: 0.0.0.0
CHADDR: fa:16:3e:27:c5:d2:00:00:00:00:00:00:00:00:00:00
 SNAME: .
 FNAME: .
OPTION:  53 (  1) DHCP message type         5 (DHCPACK)
OPTION:  54 (  4) Server identifier         192.168.206.2
OPTION:  51 (  4) IP address leasetime      86400 (24h)
OPTION:  58 (  4) T1                        43200 (12h)
OPTION:  59 (  4) T2                        75600 (21h)
OPTION:   1 (  4) Subnet mask               255.255.255.0
OPTION:  28 (  4) Broadcast address         192.168.206.255
OPTION:   6 (  4) DNS server                192.168.206.2
OPTION:  15 ( 19) Domainname                learningneutron.com
OPTION:  12 ( 19) Host name                 host-192-168-206-12
OPTION:   3 (  4) Routers                   192.168.206.1
OPTION: 121 ( 14) Classless Static Route    20a9fea9fec0a8ce  .......
					    0200c0a8ce01     ......
OPTION:  26 (  2) Interface MTU             1500
---------------------------------------------------------------------------

root@controller01:~# ip netns exec qdhcp-03327707-c369-4bd7-bd71-a42d9bcf49b8 netstat -ntlp
Active Internet connections (only servers)
Proto Recv-Q Send-Q Local Address           Foreign Address         State       PID/Program name
tcp        0      0 0.0.0.0:80              0.0.0.0:*               LISTEN      3555/haproxy
tcp        0      0 192.168.206.2:53        0.0.0.0:*               LISTEN      3793/dnsmasq
tcp        0      0 169.254.169.254:53      0.0.0.0:*               LISTEN      3793/dnsmasq
tcp6       0      0 fe80::f816:3eff:fead:53 :::*                    LISTEN      3793/dnsmasq



root@controller01:~# ip netns exec qdhcp-03327707-c369-4bd7-bd71-a42d9bcf49b8 ps 3555
  PID TTY      STAT   TIME COMMAND
 3555 ?        Ss     0:01 haproxy -f /var/lib/neutron/ns-metadata-proxy/03327707-c369-4bd7-bd71-a42d9bcf49b8.conf
 
root@controller01:~# ip netns exec qdhcp-03327707-c369-4bd7-bd71-a42d9bcf49b8 ip a
1: lo: <LOOPBACK,UP,LOWER_UP> mtu 65536 qdisc noqueue state UNKNOWN group default qlen 1000
    link/loopback 00:00:00:00:00:00 brd 00:00:00:00:00:00
    inet 127.0.0.1/8 scope host lo
       valid_lft forever preferred_lft forever
    inet6 ::1/128 scope host
       valid_lft forever preferred_lft forever
2: ns-6c15d7b8-87@if7: <BROADCAST,MULTICAST,UP,LOWER_UP> mtu 1500 qdisc noqueue state UP group default qlen 1000
    link/ether fa:16:3e:ad:59:b9 brd ff:ff:ff:ff:ff:ff link-netnsid 0
    inet 192.168.206.2/24 brd 192.168.206.255 scope global ns-6c15d7b8-87
       valid_lft forever preferred_lft forever
    inet 169.254.169.254/16 brd 169.254.255.255 scope global ns-6c15d7b8-87
       valid_lft forever preferred_lft forever
    inet6 fe80::f816:3eff:fead:59b9/64 scope link
       valid_lft forever preferred_lft forever
	   


$ ip r
169.254.169.254 via 192.168.206.2 dev eth0
192.168.206.0/24 dev eth0  src 192.168.206.12

